// Jest Snapshot v1, https://goo.gl/fbAQLP

exports[`should render Address component 1`] = `
<div
  className="address"
  id="addressComponent"
>
  <h2
    className="address__title"
  >
    Contacts
  </h2>
  <div
    className="address__list"
  >
    <div
      className="address__item"
    >
      <div
        className="img-wrapper"
      >
        <img
          alt="phone icon"
          src="phone.svg"
        />
      </div>
      <a
        className="content-title"
        href="tel:+1500-342-242"
      >
        500 342 242
      </a>
    </div>
    <div
      className="address__item"
    >
      <div
        className="img-wrapper"
      >
        <img
          alt="email icon"
          src="email.svg"
        />
      </div>
      <a
        className="content-title"
        href="mailto:office@kamsolutions.pl"
      >
        office@kamsolutions.pl
      </a>
    </div>
    <div
      className="address__item"
    >
      <div
        className="img-wrapper"
      >
        <img
          alt="twitter icon"
          src="twitter.svg"
        />
      </div>
      <div>
        <h3
          className="content-title"
        >
          Twitter
        </h3>
        <a
          className="content-link"
          href="https://twitter.com/wordpress"
          rel="noreferrer"
          target="_blank"
        >
          https://twitter.com/wordpress
        </a>
      </div>
    </div>
    <div
      className="address__item"
    >
      <div
        className="img-wrapper"
      >
        <img
          alt="facebook icon"
          src="facebook.svg"
        />
      </div>
      <div>
        <h3
          className="content-title"
        >
          Facebook
        </h3>
        <a
          className="content-link"
          href="https://www.facebook.com/facebook"
          rel="noreferrer"
          target="_blank"
        >
          https://www.facebook.com/facebook
        </a>
      </div>
    </div>
    <div
      className="address__item"
    >
      <div
        className="img-wrapper"
      >
        <img
          alt="skype icon"
          src="skype.svg"
        />
      </div>
      <div>
        <h3
          className="content-title"
        >
          Skype
        </h3>
        <a
          className="content-link"
          href="callto:kamsolutions.pl"
        >
          kamsolutions.pl
        </a>
      </div>
    </div>
  </div>
</div>
`;
