// Jest Snapshot v1, https://goo.gl/fbAQLP

exports[`<App /> Renders <App /> component correctly 1`] = `
<BrowserRouter>
  <Switch>
    <Route
      component={[Function]}
      exact={true}
      path="/"
    />
    <Route
      component={[Function]}
      exact={true}
      path="/inner"
    />
  </Switch>
</BrowserRouter>
`;
